// Vitest Snapshot v1

exports[`Chain execution 1`] = `
[
  {
    "name": "hello",
    "type": "get",
  },
  {
    "name": "world",
    "type": "get",
  },
  {
    "args": [
      5,
    ],
    "type": "apply",
  },
  {
    "name": "some",
    "type": "get",
  },
  {
    "name": "else",
    "type": "get",
  },
  {
    "args": [
      1,
    ],
    "type": "apply",
  },
  {
    "name": "select",
    "type": "get",
  },
  {
    "args": [
      "id",
      "name",
    ],
    "type": "apply",
  },
  {
    "name": "from",
    "type": "get",
  },
  {
    "args": [
      "table",
    ],
    "type": "apply",
  },
]
`;
